
> combined-package@0.1.0 build
> next build

Γû▓ Next.js 16.1.6 (Turbopack)
- Environments: .env

  Creating an optimized production build ...
Γ£ô Compiled successfully in 37.6s
  Running TypeScript ...
  Collecting page data using 11 workers ...
ΓÅ░ Reminder cron started (runs every minute)
ΓÅ¡∩╕Å Cron already running, skipping...
≡ƒ¢á∩╕Å Initializing secondary AI clients...
  Generating static pages using 11 workers (0/51) ...
≡ƒ¢á∩╕Å Initializing secondary AI clients...
  Generating static pages using 11 workers (12/51) 
  Generating static pages using 11 workers (25/51) 
ΓÅ░ Reminder cron started (runs every minute)
ΓÅ¡∩╕Å Cron already running, skipping...
  Generating static pages using 11 workers (38/51) 
Γ£ô Generating static pages using 11 workers (51/51) in 2.1s
  Finalizing page optimization ...

Route (app)
Γöî Γùï /
Γö£ Γùï /_not-found
Γö£ ╞Æ /api/auth/forgot-password
Γö£ ╞Æ /api/auth/google
Γö£ ╞Æ /api/auth/login
Γö£ ╞Æ /api/auth/register
Γö£ ╞Æ /api/auth/verify-reset-otp
Γö£ ╞Æ /api/confidence-coach/generate-questions
Γö£ ╞Æ /api/confidence-coach/session
Γö£ ╞Æ /api/dashboard/cron/init
Γö£ ╞Æ /api/dashboard/insights
Γö£ ╞Æ /api/dashboard/reminders
Γö£ ╞Æ /api/dashboard/reminders/[id]
Γö£ ╞Æ /api/dashboard/reminders/[id]/completed
Γö£ ╞Æ /api/dashboard/reminders/run
Γö£ ╞Æ /api/dashboard/reminders/stats
Γö£ ╞Æ /api/inquizzo/ask
Γö£ ╞Æ /api/inquizzo/attempt
Γö£ ╞Æ /api/inquizzo/evaluate
Γö£ ╞Æ /api/inquizzo/generate-ai
Γö£ ╞Æ /api/inquizzo/tts
Γö£ ╞Æ /api/inquizzo/user-attempts
Γö£ ╞Æ /api/inquizzo/user-scores
Γö£ ╞Æ /api/mentor
Γö£ ╞Æ /api/mentor/history
Γö£ ╞Æ /api/micro-learning/analyze-explanation
Γö£ ╞Æ /api/micro-learning/generate-transcript
Γö£ ╞Æ /api/micro-learning/generateDiagnosticMCQ
Γö£ ╞Æ /api/micro-learning/mcq
Γö£ ╞Æ /api/micro-learning/playlists
Γö£ ╞Æ /api/micro-learning/transcribeAudio
Γö£ ╞Æ /api/micro-learning/whisper
Γö£ ╞Æ /api/notifications
Γö£ ╞Æ /api/notifications/[id]
Γö£ Γùï /confidence-coach
Γö£ Γùï /dashboard
Γö£ Γùï /forgot-password
Γö£ Γùï /inquizzo
Γö£ Γùï /inquizzo/Home
Γö£ Γùï /inquizzo/Quiz
Γö£ Γùï /inquizzo/QuizDomainSelection
Γö£ Γùï /inquizzo/RandomQuiz
Γö£ Γùï /login
Γö£ Γùï /micro-learning
Γö£ Γùï /micro-learning/articulation-results
Γö£ Γùï /micro-learning/articulation-round
Γö£ Γùï /micro-learning/categories
Γö£ ╞Æ /micro-learning/category/[slug]
Γö£ Γùï /micro-learning/mcq
Γö£ ╞Æ /micro-learning/playlist/[playlistId]
Γö£ Γùï /micro-learning/quiz
Γö£ ╞Æ /micro-learning/transcript/[videoId]
Γö£ ╞Æ /micro-learning/video/[videoId]
Γö£ Γùï /reset-password
Γö£ Γùï /signup
Γöö Γùï /social-mentor


Γùï  (Static)   prerendered as static content
╞Æ  (Dynamic)  server-rendered on demand

